// Jest Snapshot v1, https://goo.gl/fbAQLP

exports[`Login page renders / correctly 1`] = `
<div>
  <div
    className="box-s1qf175f-0 wVoOR"
    color="white"
  >
    <a
      href={true}
      onClick={[Function]}
    >
      Dittly
    </a>
     | 
    <a
      href={true}
      onClick={[Function]}
    >
      Login
    </a>
  </div>
  <h1>
    Login
  </h1>
</div>
`;
