// Jest Snapshot v1, https://goo.gl/fbAQLP

exports[`Index page renders / correctly 1`] = `
<div>
  <header>
    <div
      className="box-i25azl-0 gQkklT"
      color="white"
    >
      <a
        href="/"
        onClick={[Function]}
      >
        Dittly
      </a>
       | 
      <a
        href="/welcome"
        onClick={[Function]}
      >
        Welcome
      </a>
       | 
      <a
        href="/login"
        onClick={[Function]}
      >
        Login
      </a>
    </div>
  </header>
  <p>
    Homepage
  </p>
  <footer>
    <div
      className="box-i25azl-0 gQkklT"
      color="white"
    >
      Icon 1 | Icon 2 | Icon 3 | etc.
    </div>
  </footer>
</div>
`;
