// Jest Snapshot v1, https://goo.gl/fbAQLP

exports[`Index page renders / correctly 1`] = `
<div>
  <header>
    <div
      className="box-s1qf175f-0 iNmKap"
      color="white"
    >
      <a
        href="/"
        onClick={[Function]}
      >
        Dittly
      </a>
       | 
      <a
        href="/secret"
        onClick={[Function]}
      >
        Secret
      </a>
       | 
      <a
        href="/login"
        onClick={[Function]}
      >
        Login
      </a>
    </div>
  </header>
  Homepage
</div>
`;
